BL51 BANKED LINKER/LOCATER V6.22                                                        08/11/2020  15:10:07  PAGE 1


BL51 BANKED LINKER/LOCATER V6.22, INVOKED BY:
D:\KEIL\C51\BIN\BL51.EXE .\Objects\STARTUP.obj, .\Objects\static_SMG.obj TO .\Objects\ ˝¬Îπ‹æ≤Ã¨œ‘ æ PRINT (.\Listings\ 
>> ˝¬Îπ‹æ≤Ã¨œ‘ æ.m51) RAMSIZE (256)


MEMORY MODEL: SMALL


INPUT MODULES INCLUDED:
  .\Objects\STARTUP.obj (?C_STARTUP)
  .\Objects\static_SMG.obj (STATIC_SMG)


LINK MAP OF MODULE:  .\Objects\ ˝¬Îπ‹æ≤Ã¨œ‘ æ (?C_STARTUP)


            TYPE    BASE      LENGTH    RELOCATION   SEGMENT NAME
            -----------------------------------------------------

            * * * * * * *   D A T A   M E M O R Y   * * * * * * *
            REG     0000H     0008H     ABSOLUTE     "REG BANK 0"
            IDATA   0008H     0001H     UNIT         ?STACK

            * * * * * * *   C O D E   M E M O R Y   * * * * * * *
            CODE    0000H     0003H     ABSOLUTE     
            CODE    0003H     0033H     UNIT         ?PR?_HC138?STATIC_SMG
            CODE    0036H     0023H     UNIT         ?PR?_SHOWSMG_BIT?STATIC_SMG
            CODE    0059H     0016H     UNIT         ?PR?_DELAYMS?STATIC_SMG
            CODE    006FH     0015H     UNIT         ?PR?SMG_STATIC?STATIC_SMG
            CODE    0084H     0012H     UNIT         ?CO?STATIC_SMG
            CODE    0096H     0010H     UNIT         ?PR?SHOWSMG?STATIC_SMG
            CODE    00A6H     000CH     UNIT         ?C_C51STARTUP
            CODE    00B2H     0009H     UNIT         ?PR?INIT?STATIC_SMG
            CODE    00BBH     0008H     UNIT         ?PR?MAIN?STATIC_SMG



OVERLAY MAP OF MODULE:   .\Objects\ ˝¬Îπ‹æ≤Ã¨œ‘ æ (?C_STARTUP)


SEGMENT
  +--> CALLED SEGMENT
---------------------
?C_C51STARTUP
  +--> ?PR?MAIN?STATIC_SMG

?PR?MAIN?STATIC_SMG
  +--> ?PR?INIT?STATIC_SMG
  +--> ?PR?SMG_STATIC?STATIC_SMG

?PR?INIT?STATIC_SMG
  +--> ?PR?_HC138?STATIC_SMG

?PR?SMG_STATIC?STATIC_SMG
  +--> ?PR?_SHOWSMG_BIT?STATIC_SMG
  +--> ?PR?_DELAYMS?STATIC_SMG

?PR?_SHOWSMG_BIT?STATIC_SMG
BL51 BANKED LINKER/LOCATER V6.22                                                      08/11/2020  15:10:07  PAGE 2


  +--> ?PR?_HC138?STATIC_SMG
  +--> ?CO?STATIC_SMG



SYMBOL TABLE OF MODULE:  .\Objects\ ˝¬Îπ‹æ≤Ã¨œ‘ æ (?C_STARTUP)

  VALUE           TYPE          NAME
  ----------------------------------

  -------         MODULE        ?C_STARTUP
  C:00A6H         SEGMENT       ?C_C51STARTUP
  I:0008H         SEGMENT       ?STACK
  C:0000H         PUBLIC        ?C_STARTUP
  D:00E0H         SYMBOL        ACC
  D:00F0H         SYMBOL        B
  D:0083H         SYMBOL        DPH
  D:0082H         SYMBOL        DPL
  N:0000H         SYMBOL        IBPSTACK
  N:0100H         SYMBOL        IBPSTACKTOP
  N:0080H         SYMBOL        IDATALEN
  C:00A9H         SYMBOL        IDATALOOP
  N:0000H         SYMBOL        PBPSTACK
  N:0100H         SYMBOL        PBPSTACKTOP
  N:0000H         SYMBOL        PDATALEN
  N:0000H         SYMBOL        PDATASTART
  N:0000H         SYMBOL        PPAGE
  N:0000H         SYMBOL        PPAGEENABLE
  D:00A0H         SYMBOL        PPAGE_SFR
  D:0081H         SYMBOL        SP
  C:00A6H         SYMBOL        STARTUP1
  N:0000H         SYMBOL        XBPSTACK
  N:0000H         SYMBOL        XBPSTACKTOP
  N:0000H         SYMBOL        XDATALEN
  N:0000H         SYMBOL        XDATASTART
  C:0000H         LINE#         126
  C:00A6H         LINE#         133
  C:00A8H         LINE#         134
  C:00A9H         LINE#         135
  C:00AAH         LINE#         136
  C:00ACH         LINE#         185
  C:00AFH         LINE#         196
  -------         ENDMOD        ?C_STARTUP

  -------         MODULE        STATIC_SMG
  C:0000H         SYMBOL        _ICE_DUMMY_
  D:0080H         PUBLIC        P0
  D:0090H         PUBLIC        P1
  D:00A0H         PUBLIC        P2
  D:00B0H         PUBLIC        P3
  C:0096H         PUBLIC        ShowSMG
  C:0036H         PUBLIC        _ShowSMG_Bit
  D:00A8H         PUBLIC        IE
  D:00B8H         PUBLIC        IP
  C:00BBH         PUBLIC        main
  C:0003H         PUBLIC        _HC138
  C:006FH         PUBLIC        SMG_Static
BL51 BANKED LINKER/LOCATER V6.22                                                      08/11/2020  15:10:07  PAGE 3


  D:0098H         PUBLIC        SCON
  D:0088H         PUBLIC        TCON
  C:00B2H         PUBLIC        init
  C:0084H         PUBLIC        SMG
  D:00C8H         PUBLIC        T2CON
  C:0059H         PUBLIC        _delayms
  D:00D0H         PUBLIC        PSW
  -------         PROC          _HC138
  D:0007H         SYMBOL        n
  C:0003H         LINE#         7
  C:0003H         LINE#         8
  C:0012H         LINE#         9
  C:0012H         LINE#         10
  C:001AH         LINE#         11
  C:001BH         LINE#         12
  C:001BH         LINE#         13
  C:0023H         LINE#         14
  C:0024H         LINE#         15
  C:0024H         LINE#         16
  C:002CH         LINE#         17
  C:002DH         LINE#         18
  C:002DH         LINE#         19
  C:0035H         LINE#         20
  C:0035H         LINE#         21
  C:0035H         LINE#         22
  -------         ENDPROC       _HC138
  -------         PROC          INIT
  C:00B2H         LINE#         24
  C:00B2H         LINE#         25
  C:00B7H         LINE#         26
  C:00BAH         LINE#         27
  -------         ENDPROC       INIT
  -------         PROC          _DELAYMS
  D:0006H         SYMBOL        ms
  -------         DO            
  D:0005H         SYMBOL        i
  -------         ENDDO         
  C:0059H         LINE#         29
  C:0059H         LINE#         31
  C:006EH         LINE#         32
  -------         ENDPROC       _DELAYMS
  -------         PROC          SHOWSMG
  C:0096H         LINE#         35
  C:0096H         LINE#         36
  C:009BH         LINE#         37
  C:009EH         LINE#         38
  C:00A2H         LINE#         39
  C:00A5H         LINE#         40
  -------         ENDPROC       SHOWSMG
  -------         PROC          _SHOWSMG_BIT
  D:0006H         SYMBOL        pos
  D:0005H         SYMBOL        value
  C:0036H         LINE#         42
  C:0038H         LINE#         43
  C:003DH         LINE#         44
  C:004CH         LINE#         45
  C:0051H         LINE#         46
BL51 BANKED LINKER/LOCATER V6.22                                                      08/11/2020  15:10:07  PAGE 4


  C:0058H         LINE#         47
  -------         ENDPROC       _SHOWSMG_BIT
  -------         PROC          SMG_STATIC
  -------         DO            
  D:0004H         SYMBOL        i
  -------         ENDDO         
  C:006FH         LINE#         49
  C:006FH         LINE#         51
  C:0071H         LINE#         52
  C:0078H         LINE#         53
  C:007FH         LINE#         54
  C:0083H         LINE#         55
  -------         ENDPROC       SMG_STATIC
  -------         PROC          MAIN
  C:00BBH         LINE#         56
  C:00BBH         LINE#         57
  C:00BEH         LINE#         58
  C:00BEH         LINE#         59
  C:00C1H         LINE#         60
  -------         ENDPROC       MAIN
  -------         ENDMOD        STATIC_SMG

*** WARNING L16: UNCALLED SEGMENT, IGNORED FOR OVERLAY PROCESS
    SEGMENT: ?PR?SHOWSMG?STATIC_SMG

Program Size: data=9.0 xdata=0 code=195
LINK/LOCATE RUN COMPLETE.  1 WARNING(S),  0 ERROR(S)
